======================== 15 warnings, 1 error in 2.30s ========================
